GowinSynthesis start
Running parser ...
ERROR (EX5998) : Cannot open Verilog file 'C:\Git\TangPrimer20K_LUT-Network\mega138K_pro\src\MnistLutSimple.v'
Analyzing Verilog file 'C:\Git\TangPrimer20K_LUT-Network\mega138K_pro\src\cmos_8_16bit.v'
Analyzing Verilog file 'C:\Git\TangPrimer20K_LUT-Network\mega138K_pro\src\ddr3_memory_interface\DDR3MI_400M.v'
Analyzing Verilog file 'C:\Git\TangPrimer20K_LUT-Network\mega138K_pro\src\dvi_tx\DVI_TX_Top.v'
Analyzing Verilog file 'C:\Git\TangPrimer20K_LUT-Network\mega138K_pro\src\fifo_top\video_fifo.v'
Analyzing Verilog file 'C:\Git\TangPrimer20K_LUT-Network\mega138K_pro\src\gowin_pll\gowin_pll.v'
Analyzing Verilog file 'C:\Git\TangPrimer20K_LUT-Network\mega138K_pro\src\gowin_pll\gowin_pll_dvi.v'
Analyzing Verilog file 'C:\Git\TangPrimer20K_LUT-Network\mega138K_pro\src\gowin_pll\gowin_pll_dvi_mod.v'
Analyzing Verilog file 'C:\Git\TangPrimer20K_LUT-Network\mega138K_pro\src\gowin_pll\gowin_pll_mod.v'
Analyzing Verilog file 'C:\Git\TangPrimer20K_LUT-Network\mega138K_pro\src\i2c_master\i2c_config.v'
Analyzing Verilog file 'C:\Git\TangPrimer20K_LUT-Network\mega138K_pro\src\i2c_master\i2c_master_bit_ctrl.v'
Analyzing included file 'C:\Git\TangPrimer20K_LUT-Network\mega138K_pro\src\i2c_master\i2c_master_defines.v'("C:\Git\TangPrimer20K_LUT-Network\mega138K_pro\src\i2c_master\i2c_master_bit_ctrl.v":141)
Back to file 'C:\Git\TangPrimer20K_LUT-Network\mega138K_pro\src\i2c_master\i2c_master_bit_ctrl.v'("C:\Git\TangPrimer20K_LUT-Network\mega138K_pro\src\i2c_master\i2c_master_bit_ctrl.v":141)
Analyzing Verilog file 'C:\Git\TangPrimer20K_LUT-Network\mega138K_pro\src\i2c_master\i2c_master_byte_ctrl.v'
Analyzing included file 'C:\Git\TangPrimer20K_LUT-Network\mega138K_pro\src\i2c_master\i2c_master_defines.v'("C:\Git\TangPrimer20K_LUT-Network\mega138K_pro\src\i2c_master\i2c_master_byte_ctrl.v":73)
Back to file 'C:\Git\TangPrimer20K_LUT-Network\mega138K_pro\src\i2c_master\i2c_master_byte_ctrl.v'("C:\Git\TangPrimer20K_LUT-Network\mega138K_pro\src\i2c_master\i2c_master_byte_ctrl.v":73)
Analyzing Verilog file 'C:\Git\TangPrimer20K_LUT-Network\mega138K_pro\src\i2c_master\i2c_master_defines.v'
Analyzing Verilog file 'C:\Git\TangPrimer20K_LUT-Network\mega138K_pro\src\i2c_master\i2c_master_top.v'
Analyzing Verilog file 'C:\Git\TangPrimer20K_LUT-Network\mega138K_pro\src\i2c_master\timescale.v'
Analyzing Verilog file 'C:\Git\TangPrimer20K_LUT-Network\mega138K_pro\src\lut_ov5640_rgb565_1280_720.v'
Analyzing Verilog file 'C:\Git\TangPrimer20K_LUT-Network\mega138K_pro\src\lut_ov5640_rgb565_480_272.v'
Analyzing Verilog file 'C:\Git\TangPrimer20K_LUT-Network\mega138K_pro\src\pll_init.v'
Analyzing Verilog file 'C:\Git\TangPrimer20K_LUT-Network\mega138K_pro\src\testpattern.v'
Analyzing Verilog file 'C:\Git\TangPrimer20K_LUT-Network\mega138K_pro\src\top.v'
Analyzing Verilog file 'C:\Git\TangPrimer20K_LUT-Network\mega138K_pro\src\vga_timing.v'
Analyzing Verilog file 'C:\Git\TangPrimer20K_LUT-Network\mega138K_pro\src\video_frame_buffer\Video_Frame_Buffer_Top.v'
GowinSynthesis finish
