GowinSynthesis start
Running parser ...
Analyzing Verilog file 'C:\Git\TangPrimer20K_LUT-Network\mega138K_pro\exam\cam2dvi\src\cmos_8_16bit.v'
Analyzing Verilog file 'C:\Git\TangPrimer20K_LUT-Network\mega138K_pro\exam\cam2dvi\src\ddr3_memory_interface\DDR3MI_400M.v'
Analyzing Verilog file 'C:\Git\TangPrimer20K_LUT-Network\mega138K_pro\exam\cam2dvi\src\dvi_tx\DVI_TX_Top.v'
Analyzing Verilog file 'C:\Git\TangPrimer20K_LUT-Network\mega138K_pro\exam\cam2dvi\src\fifo_top\video_fifo.v'
Analyzing Verilog file 'C:\Git\TangPrimer20K_LUT-Network\mega138K_pro\exam\cam2dvi\src\gowin_pll\TMDS_PLL_60HZ.v'
Analyzing Verilog file 'C:\Git\TangPrimer20K_LUT-Network\mega138K_pro\exam\cam2dvi\src\gowin_pll\gowin_pll_400M.v'
Analyzing Verilog file 'C:\Git\TangPrimer20K_LUT-Network\mega138K_pro\exam\cam2dvi\src\i2c_master\i2c_config.v'
Analyzing Verilog file 'C:\Git\TangPrimer20K_LUT-Network\mega138K_pro\exam\cam2dvi\src\i2c_master\i2c_master_bit_ctrl.v'
Analyzing included file 'C:\Git\TangPrimer20K_LUT-Network\mega138K_pro\exam\cam2dvi\src\i2c_master\i2c_master_defines.v'("C:\Git\TangPrimer20K_LUT-Network\mega138K_pro\exam\cam2dvi\src\i2c_master\i2c_master_bit_ctrl.v":141)
Back to file 'C:\Git\TangPrimer20K_LUT-Network\mega138K_pro\exam\cam2dvi\src\i2c_master\i2c_master_bit_ctrl.v'("C:\Git\TangPrimer20K_LUT-Network\mega138K_pro\exam\cam2dvi\src\i2c_master\i2c_master_bit_ctrl.v":141)
Analyzing Verilog file 'C:\Git\TangPrimer20K_LUT-Network\mega138K_pro\exam\cam2dvi\src\i2c_master\i2c_master_byte_ctrl.v'
Analyzing included file 'C:\Git\TangPrimer20K_LUT-Network\mega138K_pro\exam\cam2dvi\src\i2c_master\i2c_master_defines.v'("C:\Git\TangPrimer20K_LUT-Network\mega138K_pro\exam\cam2dvi\src\i2c_master\i2c_master_byte_ctrl.v":73)
Back to file 'C:\Git\TangPrimer20K_LUT-Network\mega138K_pro\exam\cam2dvi\src\i2c_master\i2c_master_byte_ctrl.v'("C:\Git\TangPrimer20K_LUT-Network\mega138K_pro\exam\cam2dvi\src\i2c_master\i2c_master_byte_ctrl.v":73)
Analyzing Verilog file 'C:\Git\TangPrimer20K_LUT-Network\mega138K_pro\exam\cam2dvi\src\i2c_master\i2c_master_defines.v'
Analyzing Verilog file 'C:\Git\TangPrimer20K_LUT-Network\mega138K_pro\exam\cam2dvi\src\i2c_master\i2c_master_top.v'
Analyzing Verilog file 'C:\Git\TangPrimer20K_LUT-Network\mega138K_pro\exam\cam2dvi\src\i2c_master\timescale.v'
Analyzing Verilog file 'C:\Git\TangPrimer20K_LUT-Network\mega138K_pro\exam\cam2dvi\src\lut_ov5640_rgb565_1280_720.v'
Analyzing Verilog file 'C:\Git\TangPrimer20K_LUT-Network\mega138K_pro\exam\cam2dvi\src\syn_gen.v'
Analyzing Verilog file 'C:\Git\TangPrimer20K_LUT-Network\mega138K_pro\exam\cam2dvi\src\testpattern.v'
Analyzing Verilog file 'C:\Git\TangPrimer20K_LUT-Network\mega138K_pro\exam\cam2dvi\src\top.v'
Undeclared symbol 'cmos_clk', assumed default net type 'wire'("C:\Git\TangPrimer20K_LUT-Network\mega138K_pro\exam\cam2dvi\src\top.v":168)
Undeclared symbol 'aux_clk', assumed default net type 'wire'("C:\Git\TangPrimer20K_LUT-Network\mega138K_pro\exam\cam2dvi\src\top.v":169)
Undeclared symbol 'pll_stop', assumed default net type 'wire'("C:\Git\TangPrimer20K_LUT-Network\mega138K_pro\exam\cam2dvi\src\top.v":175)
Undeclared symbol 'cmos_16bit_wr', assumed default net type 'wire'("C:\Git\TangPrimer20K_LUT-Network\mega138K_pro\exam\cam2dvi\src\top.v":257)
WARN  (EX3801) : Parameter 'ADDR_WIDTH' becomes localparam in 'top' with formal parameter declaration list("C:\Git\TangPrimer20K_LUT-Network\mega138K_pro\exam\cam2dvi\src\top.v":95)
WARN  (EX3801) : Parameter 'DATA_WIDTH' becomes localparam in 'top' with formal parameter declaration list("C:\Git\TangPrimer20K_LUT-Network\mega138K_pro\exam\cam2dvi\src\top.v":96)
WARN  (EX3801) : Parameter 'WR_VIDEO_WIDTH' becomes localparam in 'top' with formal parameter declaration list("C:\Git\TangPrimer20K_LUT-Network\mega138K_pro\exam\cam2dvi\src\top.v":97)
WARN  (EX3801) : Parameter 'RD_VIDEO_WIDTH' becomes localparam in 'top' with formal parameter declaration list("C:\Git\TangPrimer20K_LUT-Network\mega138K_pro\exam\cam2dvi\src\top.v":98)
Analyzing Verilog file 'C:\Git\TangPrimer20K_LUT-Network\mega138K_pro\exam\cam2dvi\src\vga_timing.v'
WARN  (EX3801) : Parameter 'H_TOTAL' becomes localparam in 'vga_timing' with formal parameter declaration list("C:\Git\TangPrimer20K_LUT-Network\mega138K_pro\exam\cam2dvi\src\vga_timing.v":24)
WARN  (EX3801) : Parameter 'V_TOTAL' becomes localparam in 'vga_timing' with formal parameter declaration list("C:\Git\TangPrimer20K_LUT-Network\mega138K_pro\exam\cam2dvi\src\vga_timing.v":25)
Analyzing Verilog file 'C:\Git\TangPrimer20K_LUT-Network\mega138K_pro\exam\cam2dvi\src\video_frame_buffer\Video_Frame_Buffer_Top.v'
Analyzing Verilog file 'C:\Git\TangPrimer20K_LUT-Network\mega138K_pro\exam\cam2dvi\src\video_timing_check.v'
Compiling module 'top'("C:\Git\TangPrimer20K_LUT-Network\mega138K_pro\exam\cam2dvi\src\top.v":1)
WARN  (EX3791) : Expression size 6 truncated to fit in target size 5("C:\Git\TangPrimer20K_LUT-Network\mega138K_pro\exam\cam2dvi\src\top.v":129)
Compiling module 'timing_check'("C:\Git\TangPrimer20K_LUT-Network\mega138K_pro\exam\cam2dvi\src\video_timing_check.v":1)
WARN  (EX3791) : Expression size 17 truncated to fit in target size 16("C:\Git\TangPrimer20K_LUT-Network\mega138K_pro\exam\cam2dvi\src\video_timing_check.v":94)
WARN  (EX3791) : Expression size 17 truncated to fit in target size 16("C:\Git\TangPrimer20K_LUT-Network\mega138K_pro\exam\cam2dvi\src\video_timing_check.v":120)
WARN  (EX3791) : Expression size 9 truncated to fit in target size 8("C:\Git\TangPrimer20K_LUT-Network\mega138K_pro\exam\cam2dvi\src\video_timing_check.v":137)
Compiling module 'Gowin_PLL'("C:\Git\TangPrimer20K_LUT-Network\mega138K_pro\exam\cam2dvi\src\gowin_pll\gowin_pll_400M.v":10)
Compiling module 'lut_ov5640_rgb565(HActive=12'd1280,VActive=12'd720,HTotal=13'd1892,VTotal=13'd740,USE_4vs3_frame="false")'("C:\Git\TangPrimer20K_LUT-Network\mega138K_pro\exam\cam2dvi\src\lut_ov5640_rgb565_1280_720.v":1)
Compiling module 'i2c_config'("C:\Git\TangPrimer20K_LUT-Network\mega138K_pro\exam\cam2dvi\src\i2c_master\i2c_config.v":1)
Compiling module 'i2c_master_top'("C:\Git\TangPrimer20K_LUT-Network\mega138K_pro\exam\cam2dvi\src\i2c_master\i2c_master_top.v":1)
Compiling module 'i2c_master_byte_ctrl'("C:\Git\TangPrimer20K_LUT-Network\mega138K_pro\exam\cam2dvi\src\i2c_master\i2c_master_byte_ctrl.v":75)
Compiling module 'i2c_master_bit_ctrl'("C:\Git\TangPrimer20K_LUT-Network\mega138K_pro\exam\cam2dvi\src\i2c_master\i2c_master_bit_ctrl.v":143)
WARN  (EX2629) : Delay control is not supported for synthesis("C:\Git\TangPrimer20K_LUT-Network\mega138K_pro\exam\cam2dvi\src\i2c_master\i2c_master_bit_ctrl.v":194)
WARN  (EX2629) : Delay control is not supported for synthesis("C:\Git\TangPrimer20K_LUT-Network\mega138K_pro\exam\cam2dvi\src\i2c_master\i2c_master_bit_ctrl.v":211)
WARN  (EX2629) : Delay control is not supported for synthesis("C:\Git\TangPrimer20K_LUT-Network\mega138K_pro\exam\cam2dvi\src\i2c_master\i2c_master_bit_ctrl.v":212)
WARN  (EX2629) : Delay control is not supported for synthesis("C:\Git\TangPrimer20K_LUT-Network\mega138K_pro\exam\cam2dvi\src\i2c_master\i2c_master_bit_ctrl.v":216)
WARN  (EX2629) : Delay control is not supported for synthesis("C:\Git\TangPrimer20K_LUT-Network\mega138K_pro\exam\cam2dvi\src\i2c_master\i2c_master_bit_ctrl.v":217)
WARN  (EX2629) : Delay control is not supported for synthesis("C:\Git\TangPrimer20K_LUT-Network\mega138K_pro\exam\cam2dvi\src\i2c_master\i2c_master_bit_ctrl.v":221)
WARN  (EX2629) : Delay control is not supported for synthesis("C:\Git\TangPrimer20K_LUT-Network\mega138K_pro\exam\cam2dvi\src\i2c_master\i2c_master_bit_ctrl.v":222)
WARN  (EX2629) : Delay control is not supported for synthesis("C:\Git\TangPrimer20K_LUT-Network\mega138K_pro\exam\cam2dvi\src\i2c_master\i2c_master_bit_ctrl.v":226)
WARN  (EX2629) : Delay control is not supported for synthesis("C:\Git\TangPrimer20K_LUT-Network\mega138K_pro\exam\cam2dvi\src\i2c_master\i2c_master_bit_ctrl.v":227)
WARN  (EX2629) : Delay control is not supported for synthesis("C:\Git\TangPrimer20K_LUT-Network\mega138K_pro\exam\cam2dvi\src\i2c_master\i2c_master_bit_ctrl.v":238)
WARN  (EX2629) : Delay control is not supported for synthesis("C:\Git\TangPrimer20K_LUT-Network\mega138K_pro\exam\cam2dvi\src\i2c_master\i2c_master_bit_ctrl.v":239)
WARN  (EX2629) : Delay control is not supported for synthesis("C:\Git\TangPrimer20K_LUT-Network\mega138K_pro\exam\cam2dvi\src\i2c_master\i2c_master_bit_ctrl.v":243)
WARN  (EX2629) : Delay control is not supported for synthesis("C:\Git\TangPrimer20K_LUT-Network\mega138K_pro\exam\cam2dvi\src\i2c_master\i2c_master_bit_ctrl.v":244)
WARN  (EX3791) : Expression size 32 truncated to fit in target size 14("C:\Git\TangPrimer20K_LUT-Network\mega138K_pro\exam\cam2dvi\src\i2c_master\i2c_master_bit_ctrl.v":258)
WARN  (EX2629) : Delay control is not supported for synthesis("C:\Git\TangPrimer20K_LUT-Network\mega138K_pro\exam\cam2dvi\src\i2c_master\i2c_master_bit_ctrl.v":283)
WARN  (EX2629) : Delay control is not supported for synthesis("C:\Git\TangPrimer20K_LUT-Network\mega138K_pro\exam\cam2dvi\src\i2c_master\i2c_master_bit_ctrl.v":284)
WARN  (EX2629) : Delay control is not supported for synthesis("C:\Git\TangPrimer20K_LUT-Network\mega138K_pro\exam\cam2dvi\src\i2c_master\i2c_master_bit_ctrl.v":286)
WARN  (EX2629) : Delay control is not supported for synthesis("C:\Git\TangPrimer20K_LUT-Network\mega138K_pro\exam\cam2dvi\src\i2c_master\i2c_master_bit_ctrl.v":287)
WARN  (EX2629) : Delay control is not supported for synthesis("C:\Git\TangPrimer20K_LUT-Network\mega138K_pro\exam\cam2dvi\src\i2c_master\i2c_master_bit_ctrl.v":291)
WARN  (EX2629) : Delay control is not supported for synthesis("C:\Git\TangPrimer20K_LUT-Network\mega138K_pro\exam\cam2dvi\src\i2c_master\i2c_master_bit_ctrl.v":292)
WARN  (EX2629) : Delay control is not supported for synthesis("C:\Git\TangPrimer20K_LUT-Network\mega138K_pro\exam\cam2dvi\src\i2c_master\i2c_master_bit_ctrl.v":294)
WARN  (EX2629) : Delay control is not supported for synthesis("C:\Git\TangPrimer20K_LUT-Network\mega138K_pro\exam\cam2dvi\src\i2c_master\i2c_master_bit_ctrl.v":295)
WARN  (EX2629) : Delay control is not supported for synthesis("C:\Git\TangPrimer20K_LUT-Network\mega138K_pro\exam\cam2dvi\src\i2c_master\i2c_master_bit_ctrl.v":299)
WARN  (EX2629) : Delay control is not supported for synthesis("C:\Git\TangPrimer20K_LUT-Network\mega138K_pro\exam\cam2dvi\src\i2c_master\i2c_master_bit_ctrl.v":300)
WARN  (EX2629) : Delay control is not supported for synthesis("C:\Git\TangPrimer20K_LUT-Network\mega138K_pro\exam\cam2dvi\src\i2c_master\i2c_master_bit_ctrl.v":302)
WARN  (EX2629) : Delay control is not supported for synthesis("C:\Git\TangPrimer20K_LUT-Network\mega138K_pro\exam\cam2dvi\src\i2c_master\i2c_master_bit_ctrl.v":303)
WARN  (EX2629) : Delay control is not supported for synthesis("C:\Git\TangPrimer20K_LUT-Network\mega138K_pro\exam\cam2dvi\src\i2c_master\i2c_master_bit_ctrl.v":313)
WARN  (EX2629) : Delay control is not supported for synthesis("C:\Git\TangPrimer20K_LUT-Network\mega138K_pro\exam\cam2dvi\src\i2c_master\i2c_master_bit_ctrl.v":314)
WARN  (EX2629) : Delay control is not supported for synthesis("C:\Git\TangPrimer20K_LUT-Network\mega138K_pro\exam\cam2dvi\src\i2c_master\i2c_master_bit_ctrl.v":318)
WARN  (EX2629) : Delay control is not supported for synthesis("C:\Git\TangPrimer20K_LUT-Network\mega138K_pro\exam\cam2dvi\src\i2c_master\i2c_master_bit_ctrl.v":319)
WARN  (EX2629) : Delay control is not supported for synthesis("C:\Git\TangPrimer20K_LUT-Network\mega138K_pro\exam\cam2dvi\src\i2c_master\i2c_master_bit_ctrl.v":323)
WARN  (EX2629) : Delay control is not supported for synthesis("C:\Git\TangPrimer20K_LUT-Network\mega138K_pro\exam\cam2dvi\src\i2c_master\i2c_master_bit_ctrl.v":324)
WARN  (EX2629) : Delay control is not supported for synthesis("C:\Git\TangPrimer20K_LUT-Network\mega138K_pro\exam\cam2dvi\src\i2c_master\i2c_master_bit_ctrl.v":330)
WARN  (EX2629) : Delay control is not supported for synthesis("C:\Git\TangPrimer20K_LUT-Network\mega138K_pro\exam\cam2dvi\src\i2c_master\i2c_master_bit_ctrl.v":331)
WARN  (EX2629) : Delay control is not supported for synthesis("C:\Git\TangPrimer20K_LUT-Network\mega138K_pro\exam\cam2dvi\src\i2c_master\i2c_master_bit_ctrl.v":332)
WARN  (EX2629) : Delay control is not supported for synthesis("C:\Git\TangPrimer20K_LUT-Network\mega138K_pro\exam\cam2dvi\src\i2c_master\i2c_master_bit_ctrl.v":342)
WARN  (EX2629) : Delay control is not supported for synthesis("C:\Git\TangPrimer20K_LUT-Network\mega138K_pro\exam\cam2dvi\src\i2c_master\i2c_master_bit_ctrl.v":344)
WARN  (EX2629) : Delay control is not supported for synthesis("C:\Git\TangPrimer20K_LUT-Network\mega138K_pro\exam\cam2dvi\src\i2c_master\i2c_master_bit_ctrl.v":346)
WARN  (EX2629) : Delay control is not supported for synthesis("C:\Git\TangPrimer20K_LUT-Network\mega138K_pro\exam\cam2dvi\src\i2c_master\i2c_master_bit_ctrl.v":350)
WARN  (EX2629) : Delay control is not supported for synthesis("C:\Git\TangPrimer20K_LUT-Network\mega138K_pro\exam\cam2dvi\src\i2c_master\i2c_master_bit_ctrl.v":352)
WARN  (EX2629) : Delay control is not supported for synthesis("C:\Git\TangPrimer20K_LUT-Network\mega138K_pro\exam\cam2dvi\src\i2c_master\i2c_master_bit_ctrl.v":354)
WARN  (EX2629) : Delay control is not supported for synthesis("C:\Git\TangPrimer20K_LUT-Network\mega138K_pro\exam\cam2dvi\src\i2c_master\i2c_master_bit_ctrl.v":359)
WARN  (EX2629) : Delay control is not supported for synthesis("C:\Git\TangPrimer20K_LUT-Network\mega138K_pro\exam\cam2dvi\src\i2c_master\i2c_master_bit_ctrl.v":387)
WARN  (EX2629) : Delay control is not supported for synthesis("C:\Git\TangPrimer20K_LUT-Network\mega138K_pro\exam\cam2dvi\src\i2c_master\i2c_master_bit_ctrl.v":388)
WARN  (EX2629) : Delay control is not supported for synthesis("C:\Git\TangPrimer20K_LUT-Network\mega138K_pro\exam\cam2dvi\src\i2c_master\i2c_master_bit_ctrl.v":389)
WARN  (EX2629) : Delay control is not supported for synthesis("C:\Git\TangPrimer20K_LUT-Network\mega138K_pro\exam\cam2dvi\src\i2c_master\i2c_master_bit_ctrl.v":390)
WARN  (EX2629) : Delay control is not supported for synthesis("C:\Git\TangPrimer20K_LUT-Network\mega138K_pro\exam\cam2dvi\src\i2c_master\i2c_master_bit_ctrl.v":391)
WARN  (EX2629) : Delay control is not supported for synthesis("C:\Git\TangPrimer20K_LUT-Network\mega138K_pro\exam\cam2dvi\src\i2c_master\i2c_master_bit_ctrl.v":395)
WARN  (EX2629) : Delay control is not supported for synthesis("C:\Git\TangPrimer20K_LUT-Network\mega138K_pro\exam\cam2dvi\src\i2c_master\i2c_master_bit_ctrl.v":396)
WARN  (EX2629) : Delay control is not supported for synthesis("C:\Git\TangPrimer20K_LUT-Network\mega138K_pro\exam\cam2dvi\src\i2c_master\i2c_master_bit_ctrl.v":397)
WARN  (EX2629) : Delay control is not supported for synthesis("C:\Git\TangPrimer20K_LUT-Network\mega138K_pro\exam\cam2dvi\src\i2c_master\i2c_master_bit_ctrl.v":398)
WARN  (EX2629) : Delay control is not supported for synthesis("C:\Git\TangPrimer20K_LUT-Network\mega138K_pro\exam\cam2dvi\src\i2c_master\i2c_master_bit_ctrl.v":399)
WARN  (EX2629) : Delay control is not supported for synthesis("C:\Git\TangPrimer20K_LUT-Network\mega138K_pro\exam\cam2dvi\src\i2c_master\i2c_master_bit_ctrl.v":403)
WARN  (EX2629) : Delay control is not supported for synthesis("C:\Git\TangPrimer20K_LUT-Network\mega138K_pro\exam\cam2dvi\src\i2c_master\i2c_master_bit_ctrl.v":411)
WARN  (EX2629) : Delay control is not supported for synthesis("C:\Git\TangPrimer20K_LUT-Network\mega138K_pro\exam\cam2dvi\src\i2c_master\i2c_master_bit_ctrl.v":412)
WARN  (EX2629) : Delay control is not supported for synthesis("C:\Git\TangPrimer20K_LUT-Network\mega138K_pro\exam\cam2dvi\src\i2c_master\i2c_master_bit_ctrl.v":413)
WARN  (EX2629) : Delay control is not supported for synthesis("C:\Git\TangPrimer20K_LUT-Network\mega138K_pro\exam\cam2dvi\src\i2c_master\i2c_master_bit_ctrl.v":414)
WARN  (EX2629) : Delay control is not supported for synthesis("C:\Git\TangPrimer20K_LUT-Network\mega138K_pro\exam\cam2dvi\src\i2c_master\i2c_master_bit_ctrl.v":415)
WARN  (EX2629) : Delay control is not supported for synthesis("C:\Git\TangPrimer20K_LUT-Network\mega138K_pro\exam\cam2dvi\src\i2c_master\i2c_master_bit_ctrl.v":418)
WARN  (EX2629) : Delay control is not supported for synthesis("C:\Git\TangPrimer20K_LUT-Network\mega138K_pro\exam\cam2dvi\src\i2c_master\i2c_master_bit_ctrl.v":419)
WARN  (EX2629) : Delay control is not supported for synthesis("C:\Git\TangPrimer20K_LUT-Network\mega138K_pro\exam\cam2dvi\src\i2c_master\i2c_master_bit_ctrl.v":420)
WARN  (EX2629) : Delay control is not supported for synthesis("C:\Git\TangPrimer20K_LUT-Network\mega138K_pro\exam\cam2dvi\src\i2c_master\i2c_master_bit_ctrl.v":426)
WARN  (EX2629) : Delay control is not supported for synthesis("C:\Git\TangPrimer20K_LUT-Network\mega138K_pro\exam\cam2dvi\src\i2c_master\i2c_master_bit_ctrl.v":427)
WARN  (EX2629) : Delay control is not supported for synthesis("C:\Git\TangPrimer20K_LUT-Network\mega138K_pro\exam\cam2dvi\src\i2c_master\i2c_master_bit_ctrl.v":428)
WARN  (EX2629) : Delay control is not supported for synthesis("C:\Git\TangPrimer20K_LUT-Network\mega138K_pro\exam\cam2dvi\src\i2c_master\i2c_master_bit_ctrl.v":429)
WARN  (EX2629) : Delay control is not supported for synthesis("C:\Git\TangPrimer20K_LUT-Network\mega138K_pro\exam\cam2dvi\src\i2c_master\i2c_master_bit_ctrl.v":434)
WARN  (EX2629) : Delay control is not supported for synthesis("C:\Git\TangPrimer20K_LUT-Network\mega138K_pro\exam\cam2dvi\src\i2c_master\i2c_master_bit_ctrl.v":435)
WARN  (EX2629) : Delay control is not supported for synthesis("C:\Git\TangPrimer20K_LUT-Network\mega138K_pro\exam\cam2dvi\src\i2c_master\i2c_master_bit_ctrl.v":436)
WARN  (EX2629) : Delay control is not supported for synthesis("C:\Git\TangPrimer20K_LUT-Network\mega138K_pro\exam\cam2dvi\src\i2c_master\i2c_master_bit_ctrl.v":437)
WARN  (EX2629) : Delay control is not supported for synthesis("C:\Git\TangPrimer20K_LUT-Network\mega138K_pro\exam\cam2dvi\src\i2c_master\i2c_master_bit_ctrl.v":442)
WARN  (EX2629) : Delay control is not supported for synthesis("C:\Git\TangPrimer20K_LUT-Network\mega138K_pro\exam\cam2dvi\src\i2c_master\i2c_master_bit_ctrl.v":443)
WARN  (EX2629) : Delay control is not supported for synthesis("C:\Git\TangPrimer20K_LUT-Network\mega138K_pro\exam\cam2dvi\src\i2c_master\i2c_master_bit_ctrl.v":444)
WARN  (EX2629) : Delay control is not supported for synthesis("C:\Git\TangPrimer20K_LUT-Network\mega138K_pro\exam\cam2dvi\src\i2c_master\i2c_master_bit_ctrl.v":445)
WARN  (EX2629) : Delay control is not supported for synthesis("C:\Git\TangPrimer20K_LUT-Network\mega138K_pro\exam\cam2dvi\src\i2c_master\i2c_master_bit_ctrl.v":450)
WARN  (EX2629) : Delay control is not supported for synthesis("C:\Git\TangPrimer20K_LUT-Network\mega138K_pro\exam\cam2dvi\src\i2c_master\i2c_master_bit_ctrl.v":451)
WARN  (EX2629) : Delay control is not supported for synthesis("C:\Git\TangPrimer20K_LUT-Network\mega138K_pro\exam\cam2dvi\src\i2c_master\i2c_master_bit_ctrl.v":452)
WARN  (EX2629) : Delay control is not supported for synthesis("C:\Git\TangPrimer20K_LUT-Network\mega138K_pro\exam\cam2dvi\src\i2c_master\i2c_master_bit_ctrl.v":453)
WARN  (EX2629) : Delay control is not supported for synthesis("C:\Git\TangPrimer20K_LUT-Network\mega138K_pro\exam\cam2dvi\src\i2c_master\i2c_master_bit_ctrl.v":458)
WARN  (EX2629) : Delay control is not supported for synthesis("C:\Git\TangPrimer20K_LUT-Network\mega138K_pro\exam\cam2dvi\src\i2c_master\i2c_master_bit_ctrl.v":459)
WARN  (EX2629) : Delay control is not supported for synthesis("C:\Git\TangPrimer20K_LUT-Network\mega138K_pro\exam\cam2dvi\src\i2c_master\i2c_master_bit_ctrl.v":460)
WARN  (EX2629) : Delay control is not supported for synthesis("C:\Git\TangPrimer20K_LUT-Network\mega138K_pro\exam\cam2dvi\src\i2c_master\i2c_master_bit_ctrl.v":461)
WARN  (EX2629) : Delay control is not supported for synthesis("C:\Git\TangPrimer20K_LUT-Network\mega138K_pro\exam\cam2dvi\src\i2c_master\i2c_master_bit_ctrl.v":462)
WARN  (EX2629) : Delay control is not supported for synthesis("C:\Git\TangPrimer20K_LUT-Network\mega138K_pro\exam\cam2dvi\src\i2c_master\i2c_master_bit_ctrl.v":468)
WARN  (EX2629) : Delay control is not supported for synthesis("C:\Git\TangPrimer20K_LUT-Network\mega138K_pro\exam\cam2dvi\src\i2c_master\i2c_master_bit_ctrl.v":469)
WARN  (EX2629) : Delay control is not supported for synthesis("C:\Git\TangPrimer20K_LUT-Network\mega138K_pro\exam\cam2dvi\src\i2c_master\i2c_master_bit_ctrl.v":470)
WARN  (EX2629) : Delay control is not supported for synthesis("C:\Git\TangPrimer20K_LUT-Network\mega138K_pro\exam\cam2dvi\src\i2c_master\i2c_master_bit_ctrl.v":471)
WARN  (EX2629) : Delay control is not supported for synthesis("C:\Git\TangPrimer20K_LUT-Network\mega138K_pro\exam\cam2dvi\src\i2c_master\i2c_master_bit_ctrl.v":476)
WARN  (EX2629) : Delay control is not supported for synthesis("C:\Git\TangPrimer20K_LUT-Network\mega138K_pro\exam\cam2dvi\src\i2c_master\i2c_master_bit_ctrl.v":477)
WARN  (EX2629) : Delay control is not supported for synthesis("C:\Git\TangPrimer20K_LUT-Network\mega138K_pro\exam\cam2dvi\src\i2c_master\i2c_master_bit_ctrl.v":478)
WARN  (EX2629) : Delay control is not supported for synthesis("C:\Git\TangPrimer20K_LUT-Network\mega138K_pro\exam\cam2dvi\src\i2c_master\i2c_master_bit_ctrl.v":479)
WARN  (EX2629) : Delay control is not supported for synthesis("C:\Git\TangPrimer20K_LUT-Network\mega138K_pro\exam\cam2dvi\src\i2c_master\i2c_master_bit_ctrl.v":484)
WARN  (EX2629) : Delay control is not supported for synthesis("C:\Git\TangPrimer20K_LUT-Network\mega138K_pro\exam\cam2dvi\src\i2c_master\i2c_master_bit_ctrl.v":485)
WARN  (EX2629) : Delay control is not supported for synthesis("C:\Git\TangPrimer20K_LUT-Network\mega138K_pro\exam\cam2dvi\src\i2c_master\i2c_master_bit_ctrl.v":486)
WARN  (EX2629) : Delay control is not supported for synthesis("C:\Git\TangPrimer20K_LUT-Network\mega138K_pro\exam\cam2dvi\src\i2c_master\i2c_master_bit_ctrl.v":487)
WARN  (EX2629) : Delay control is not supported for synthesis("C:\Git\TangPrimer20K_LUT-Network\mega138K_pro\exam\cam2dvi\src\i2c_master\i2c_master_bit_ctrl.v":492)
WARN  (EX2629) : Delay control is not supported for synthesis("C:\Git\TangPrimer20K_LUT-Network\mega138K_pro\exam\cam2dvi\src\i2c_master\i2c_master_bit_ctrl.v":493)
WARN  (EX2629) : Delay control is not supported for synthesis("C:\Git\TangPrimer20K_LUT-Network\mega138K_pro\exam\cam2dvi\src\i2c_master\i2c_master_bit_ctrl.v":494)
WARN  (EX2629) : Delay control is not supported for synthesis("C:\Git\TangPrimer20K_LUT-Network\mega138K_pro\exam\cam2dvi\src\i2c_master\i2c_master_bit_ctrl.v":495)
WARN  (EX2629) : Delay control is not supported for synthesis("C:\Git\TangPrimer20K_LUT-Network\mega138K_pro\exam\cam2dvi\src\i2c_master\i2c_master_bit_ctrl.v":496)
WARN  (EX2629) : Delay control is not supported for synthesis("C:\Git\TangPrimer20K_LUT-Network\mega138K_pro\exam\cam2dvi\src\i2c_master\i2c_master_bit_ctrl.v":502)
WARN  (EX2629) : Delay control is not supported for synthesis("C:\Git\TangPrimer20K_LUT-Network\mega138K_pro\exam\cam2dvi\src\i2c_master\i2c_master_bit_ctrl.v":503)
WARN  (EX2629) : Delay control is not supported for synthesis("C:\Git\TangPrimer20K_LUT-Network\mega138K_pro\exam\cam2dvi\src\i2c_master\i2c_master_bit_ctrl.v":504)
WARN  (EX2629) : Delay control is not supported for synthesis("C:\Git\TangPrimer20K_LUT-Network\mega138K_pro\exam\cam2dvi\src\i2c_master\i2c_master_bit_ctrl.v":505)
WARN  (EX2629) : Delay control is not supported for synthesis("C:\Git\TangPrimer20K_LUT-Network\mega138K_pro\exam\cam2dvi\src\i2c_master\i2c_master_bit_ctrl.v":510)
WARN  (EX2629) : Delay control is not supported for synthesis("C:\Git\TangPrimer20K_LUT-Network\mega138K_pro\exam\cam2dvi\src\i2c_master\i2c_master_bit_ctrl.v":511)
WARN  (EX2629) : Delay control is not supported for synthesis("C:\Git\TangPrimer20K_LUT-Network\mega138K_pro\exam\cam2dvi\src\i2c_master\i2c_master_bit_ctrl.v":512)
WARN  (EX2629) : Delay control is not supported for synthesis("C:\Git\TangPrimer20K_LUT-Network\mega138K_pro\exam\cam2dvi\src\i2c_master\i2c_master_bit_ctrl.v":513)
WARN  (EX2629) : Delay control is not supported for synthesis("C:\Git\TangPrimer20K_LUT-Network\mega138K_pro\exam\cam2dvi\src\i2c_master\i2c_master_bit_ctrl.v":518)
WARN  (EX2629) : Delay control is not supported for synthesis("C:\Git\TangPrimer20K_LUT-Network\mega138K_pro\exam\cam2dvi\src\i2c_master\i2c_master_bit_ctrl.v":519)
WARN  (EX2629) : Delay control is not supported for synthesis("C:\Git\TangPrimer20K_LUT-Network\mega138K_pro\exam\cam2dvi\src\i2c_master\i2c_master_bit_ctrl.v":520)
WARN  (EX2629) : Delay control is not supported for synthesis("C:\Git\TangPrimer20K_LUT-Network\mega138K_pro\exam\cam2dvi\src\i2c_master\i2c_master_bit_ctrl.v":521)
WARN  (EX2629) : Delay control is not supported for synthesis("C:\Git\TangPrimer20K_LUT-Network\mega138K_pro\exam\cam2dvi\src\i2c_master\i2c_master_bit_ctrl.v":526)
WARN  (EX2629) : Delay control is not supported for synthesis("C:\Git\TangPrimer20K_LUT-Network\mega138K_pro\exam\cam2dvi\src\i2c_master\i2c_master_bit_ctrl.v":527)
WARN  (EX2629) : Delay control is not supported for synthesis("C:\Git\TangPrimer20K_LUT-Network\mega138K_pro\exam\cam2dvi\src\i2c_master\i2c_master_bit_ctrl.v":528)
WARN  (EX2629) : Delay control is not supported for synthesis("C:\Git\TangPrimer20K_LUT-Network\mega138K_pro\exam\cam2dvi\src\i2c_master\i2c_master_bit_ctrl.v":529)
WARN  (EX2629) : Delay control is not supported for synthesis("C:\Git\TangPrimer20K_LUT-Network\mega138K_pro\exam\cam2dvi\src\i2c_master\i2c_master_bit_ctrl.v":530)
WARN  (EX2629) : Delay control is not supported for synthesis("C:\Git\TangPrimer20K_LUT-Network\mega138K_pro\exam\cam2dvi\src\i2c_master\i2c_master_bit_ctrl.v":536)
WARN  (EX2629) : Delay control is not supported for synthesis("C:\Git\TangPrimer20K_LUT-Network\mega138K_pro\exam\cam2dvi\src\i2c_master\i2c_master_bit_ctrl.v":537)
WARN  (EX2629) : Delay control is not supported for synthesis("C:\Git\TangPrimer20K_LUT-Network\mega138K_pro\exam\cam2dvi\src\i2c_master\i2c_master_bit_ctrl.v":538)
WARN  (EX2629) : Delay control is not supported for synthesis("C:\Git\TangPrimer20K_LUT-Network\mega138K_pro\exam\cam2dvi\src\i2c_master\i2c_master_bit_ctrl.v":539)
WARN  (EX2629) : Delay control is not supported for synthesis("C:\Git\TangPrimer20K_LUT-Network\mega138K_pro\exam\cam2dvi\src\i2c_master\i2c_master_bit_ctrl.v":544)
WARN  (EX2629) : Delay control is not supported for synthesis("C:\Git\TangPrimer20K_LUT-Network\mega138K_pro\exam\cam2dvi\src\i2c_master\i2c_master_bit_ctrl.v":545)
WARN  (EX2629) : Delay control is not supported for synthesis("C:\Git\TangPrimer20K_LUT-Network\mega138K_pro\exam\cam2dvi\src\i2c_master\i2c_master_bit_ctrl.v":546)
WARN  (EX2629) : Delay control is not supported for synthesis("C:\Git\TangPrimer20K_LUT-Network\mega138K_pro\exam\cam2dvi\src\i2c_master\i2c_master_bit_ctrl.v":547)
WARN  (EX2629) : Delay control is not supported for synthesis("C:\Git\TangPrimer20K_LUT-Network\mega138K_pro\exam\cam2dvi\src\i2c_master\i2c_master_bit_ctrl.v":553)
WARN  (EX2629) : Delay control is not supported for synthesis("C:\Git\TangPrimer20K_LUT-Network\mega138K_pro\exam\cam2dvi\src\i2c_master\i2c_master_bit_ctrl.v":554)
WARN  (EX2629) : Delay control is not supported for synthesis("C:\Git\TangPrimer20K_LUT-Network\mega138K_pro\exam\cam2dvi\src\i2c_master\i2c_master_bit_ctrl.v":555)
WARN  (EX2629) : Delay control is not supported for synthesis("C:\Git\TangPrimer20K_LUT-Network\mega138K_pro\exam\cam2dvi\src\i2c_master\i2c_master_bit_ctrl.v":556)
WARN  (EX2629) : Delay control is not supported for synthesis("C:\Git\TangPrimer20K_LUT-Network\mega138K_pro\exam\cam2dvi\src\i2c_master\i2c_master_bit_ctrl.v":561)
WARN  (EX2629) : Delay control is not supported for synthesis("C:\Git\TangPrimer20K_LUT-Network\mega138K_pro\exam\cam2dvi\src\i2c_master\i2c_master_bit_ctrl.v":562)
WARN  (EX2629) : Delay control is not supported for synthesis("C:\Git\TangPrimer20K_LUT-Network\mega138K_pro\exam\cam2dvi\src\i2c_master\i2c_master_bit_ctrl.v":563)
WARN  (EX2629) : Delay control is not supported for synthesis("C:\Git\TangPrimer20K_LUT-Network\mega138K_pro\exam\cam2dvi\src\i2c_master\i2c_master_bit_ctrl.v":564)
WARN  (EX2629) : Delay control is not supported for synthesis("C:\Git\TangPrimer20K_LUT-Network\mega138K_pro\exam\cam2dvi\src\i2c_master\i2c_master_bit_ctrl.v":565)
WARN  (EX3827) : Synthesis - simulation differences may occur when using full_case directive("C:\Git\TangPrimer20K_LUT-Network\mega138K_pro\exam\cam2dvi\src\i2c_master\i2c_master_bit_ctrl.v":406)
WARN  (EX2629) : Delay control is not supported for synthesis("C:\Git\TangPrimer20K_LUT-Network\mega138K_pro\exam\cam2dvi\src\i2c_master\i2c_master_byte_ctrl.v":175)
WARN  (EX2629) : Delay control is not supported for synthesis("C:\Git\TangPrimer20K_LUT-Network\mega138K_pro\exam\cam2dvi\src\i2c_master\i2c_master_byte_ctrl.v":177)
WARN  (EX2629) : Delay control is not supported for synthesis("C:\Git\TangPrimer20K_LUT-Network\mega138K_pro\exam\cam2dvi\src\i2c_master\i2c_master_byte_ctrl.v":179)
WARN  (EX2629) : Delay control is not supported for synthesis("C:\Git\TangPrimer20K_LUT-Network\mega138K_pro\exam\cam2dvi\src\i2c_master\i2c_master_byte_ctrl.v":181)
WARN  (EX2629) : Delay control is not supported for synthesis("C:\Git\TangPrimer20K_LUT-Network\mega138K_pro\exam\cam2dvi\src\i2c_master\i2c_master_byte_ctrl.v":186)
WARN  (EX2629) : Delay control is not supported for synthesis("C:\Git\TangPrimer20K_LUT-Network\mega138K_pro\exam\cam2dvi\src\i2c_master\i2c_master_byte_ctrl.v":188)
WARN  (EX2629) : Delay control is not supported for synthesis("C:\Git\TangPrimer20K_LUT-Network\mega138K_pro\exam\cam2dvi\src\i2c_master\i2c_master_byte_ctrl.v":190)
WARN  (EX2629) : Delay control is not supported for synthesis("C:\Git\TangPrimer20K_LUT-Network\mega138K_pro\exam\cam2dvi\src\i2c_master\i2c_master_byte_ctrl.v":192)
WARN  (EX2629) : Delay control is not supported for synthesis("C:\Git\TangPrimer20K_LUT-Network\mega138K_pro\exam\cam2dvi\src\i2c_master\i2c_master_byte_ctrl.v":204)
WARN  (EX2629) : Delay control is not supported for synthesis("C:\Git\TangPrimer20K_LUT-Network\mega138K_pro\exam\cam2dvi\src\i2c_master\i2c_master_byte_ctrl.v":205)
WARN  (EX2629) : Delay control is not supported for synthesis("C:\Git\TangPrimer20K_LUT-Network\mega138K_pro\exam\cam2dvi\src\i2c_master\i2c_master_byte_ctrl.v":206)
WARN  (EX2629) : Delay control is not supported for synthesis("C:\Git\TangPrimer20K_LUT-Network\mega138K_pro\exam\cam2dvi\src\i2c_master\i2c_master_byte_ctrl.v":207)
WARN  (EX2629) : Delay control is not supported for synthesis("C:\Git\TangPrimer20K_LUT-Network\mega138K_pro\exam\cam2dvi\src\i2c_master\i2c_master_byte_ctrl.v":208)
WARN  (EX2629) : Delay control is not supported for synthesis("C:\Git\TangPrimer20K_LUT-Network\mega138K_pro\exam\cam2dvi\src\i2c_master\i2c_master_byte_ctrl.v":209)
WARN  (EX2629) : Delay control is not supported for synthesis("C:\Git\TangPrimer20K_LUT-Network\mega138K_pro\exam\cam2dvi\src\i2c_master\i2c_master_byte_ctrl.v":210)
WARN  (EX2629) : Delay control is not supported for synthesis("C:\Git\TangPrimer20K_LUT-Network\mega138K_pro\exam\cam2dvi\src\i2c_master\i2c_master_byte_ctrl.v":214)
WARN  (EX2629) : Delay control is not supported for synthesis("C:\Git\TangPrimer20K_LUT-Network\mega138K_pro\exam\cam2dvi\src\i2c_master\i2c_master_byte_ctrl.v":215)
WARN  (EX2629) : Delay control is not supported for synthesis("C:\Git\TangPrimer20K_LUT-Network\mega138K_pro\exam\cam2dvi\src\i2c_master\i2c_master_byte_ctrl.v":216)
WARN  (EX2629) : Delay control is not supported for synthesis("C:\Git\TangPrimer20K_LUT-Network\mega138K_pro\exam\cam2dvi\src\i2c_master\i2c_master_byte_ctrl.v":217)
WARN  (EX2629) : Delay control is not supported for synthesis("C:\Git\TangPrimer20K_LUT-Network\mega138K_pro\exam\cam2dvi\src\i2c_master\i2c_master_byte_ctrl.v":218)
WARN  (EX2629) : Delay control is not supported for synthesis("C:\Git\TangPrimer20K_LUT-Network\mega138K_pro\exam\cam2dvi\src\i2c_master\i2c_master_byte_ctrl.v":219)
WARN  (EX2629) : Delay control is not supported for synthesis("C:\Git\TangPrimer20K_LUT-Network\mega138K_pro\exam\cam2dvi\src\i2c_master\i2c_master_byte_ctrl.v":220)
WARN  (EX2629) : Delay control is not supported for synthesis("C:\Git\TangPrimer20K_LUT-Network\mega138K_pro\exam\cam2dvi\src\i2c_master\i2c_master_byte_ctrl.v":225)
WARN  (EX2629) : Delay control is not supported for synthesis("C:\Git\TangPrimer20K_LUT-Network\mega138K_pro\exam\cam2dvi\src\i2c_master\i2c_master_byte_ctrl.v":226)
WARN  (EX2629) : Delay control is not supported for synthesis("C:\Git\TangPrimer20K_LUT-Network\mega138K_pro\exam\cam2dvi\src\i2c_master\i2c_master_byte_ctrl.v":227)
WARN  (EX2629) : Delay control is not supported for synthesis("C:\Git\TangPrimer20K_LUT-Network\mega138K_pro\exam\cam2dvi\src\i2c_master\i2c_master_byte_ctrl.v":228)
WARN  (EX2629) : Delay control is not supported for synthesis("C:\Git\TangPrimer20K_LUT-Network\mega138K_pro\exam\cam2dvi\src\i2c_master\i2c_master_byte_ctrl.v":236)
WARN  (EX2629) : Delay control is not supported for synthesis("C:\Git\TangPrimer20K_LUT-Network\mega138K_pro\exam\cam2dvi\src\i2c_master\i2c_master_byte_ctrl.v":237)
WARN  (EX2629) : Delay control is not supported for synthesis("C:\Git\TangPrimer20K_LUT-Network\mega138K_pro\exam\cam2dvi\src\i2c_master\i2c_master_byte_ctrl.v":241)
WARN  (EX2629) : Delay control is not supported for synthesis("C:\Git\TangPrimer20K_LUT-Network\mega138K_pro\exam\cam2dvi\src\i2c_master\i2c_master_byte_ctrl.v":242)
WARN  (EX2629) : Delay control is not supported for synthesis("C:\Git\TangPrimer20K_LUT-Network\mega138K_pro\exam\cam2dvi\src\i2c_master\i2c_master_byte_ctrl.v":246)
WARN  (EX2629) : Delay control is not supported for synthesis("C:\Git\TangPrimer20K_LUT-Network\mega138K_pro\exam\cam2dvi\src\i2c_master\i2c_master_byte_ctrl.v":247)
WARN  (EX2629) : Delay control is not supported for synthesis("C:\Git\TangPrimer20K_LUT-Network\mega138K_pro\exam\cam2dvi\src\i2c_master\i2c_master_byte_ctrl.v":251)
WARN  (EX2629) : Delay control is not supported for synthesis("C:\Git\TangPrimer20K_LUT-Network\mega138K_pro\exam\cam2dvi\src\i2c_master\i2c_master_byte_ctrl.v":252)
WARN  (EX2629) : Delay control is not supported for synthesis("C:\Git\TangPrimer20K_LUT-Network\mega138K_pro\exam\cam2dvi\src\i2c_master\i2c_master_byte_ctrl.v":255)
WARN  (EX2629) : Delay control is not supported for synthesis("C:\Git\TangPrimer20K_LUT-Network\mega138K_pro\exam\cam2dvi\src\i2c_master\i2c_master_byte_ctrl.v":263)
WARN  (EX2629) : Delay control is not supported for synthesis("C:\Git\TangPrimer20K_LUT-Network\mega138K_pro\exam\cam2dvi\src\i2c_master\i2c_master_byte_ctrl.v":264)
WARN  (EX2629) : Delay control is not supported for synthesis("C:\Git\TangPrimer20K_LUT-Network\mega138K_pro\exam\cam2dvi\src\i2c_master\i2c_master_byte_ctrl.v":268)
WARN  (EX2629) : Delay control is not supported for synthesis("C:\Git\TangPrimer20K_LUT-Network\mega138K_pro\exam\cam2dvi\src\i2c_master\i2c_master_byte_ctrl.v":269)
WARN  (EX2629) : Delay control is not supported for synthesis("C:\Git\TangPrimer20K_LUT-Network\mega138K_pro\exam\cam2dvi\src\i2c_master\i2c_master_byte_ctrl.v":272)
WARN  (EX2629) : Delay control is not supported for synthesis("C:\Git\TangPrimer20K_LUT-Network\mega138K_pro\exam\cam2dvi\src\i2c_master\i2c_master_byte_ctrl.v":279)
WARN  (EX2629) : Delay control is not supported for synthesis("C:\Git\TangPrimer20K_LUT-Network\mega138K_pro\exam\cam2dvi\src\i2c_master\i2c_master_byte_ctrl.v":280)
WARN  (EX2629) : Delay control is not supported for synthesis("C:\Git\TangPrimer20K_LUT-Network\mega138K_pro\exam\cam2dvi\src\i2c_master\i2c_master_byte_ctrl.v":284)
WARN  (EX2629) : Delay control is not supported for synthesis("C:\Git\TangPrimer20K_LUT-Network\mega138K_pro\exam\cam2dvi\src\i2c_master\i2c_master_byte_ctrl.v":285)
WARN  (EX2629) : Delay control is not supported for synthesis("C:\Git\TangPrimer20K_LUT-Network\mega138K_pro\exam\cam2dvi\src\i2c_master\i2c_master_byte_ctrl.v":286)
WARN  (EX2629) : Delay control is not supported for synthesis("C:\Git\TangPrimer20K_LUT-Network\mega138K_pro\exam\cam2dvi\src\i2c_master\i2c_master_byte_ctrl.v":294)
WARN  (EX2629) : Delay control is not supported for synthesis("C:\Git\TangPrimer20K_LUT-Network\mega138K_pro\exam\cam2dvi\src\i2c_master\i2c_master_byte_ctrl.v":295)
WARN  (EX2629) : Delay control is not supported for synthesis("C:\Git\TangPrimer20K_LUT-Network\mega138K_pro\exam\cam2dvi\src\i2c_master\i2c_master_byte_ctrl.v":299)
WARN  (EX2629) : Delay control is not supported for synthesis("C:\Git\TangPrimer20K_LUT-Network\mega138K_pro\exam\cam2dvi\src\i2c_master\i2c_master_byte_ctrl.v":300)
WARN  (EX2629) : Delay control is not supported for synthesis("C:\Git\TangPrimer20K_LUT-Network\mega138K_pro\exam\cam2dvi\src\i2c_master\i2c_master_byte_ctrl.v":303)
WARN  (EX2629) : Delay control is not supported for synthesis("C:\Git\TangPrimer20K_LUT-Network\mega138K_pro\exam\cam2dvi\src\i2c_master\i2c_master_byte_ctrl.v":304)
WARN  (EX2629) : Delay control is not supported for synthesis("C:\Git\TangPrimer20K_LUT-Network\mega138K_pro\exam\cam2dvi\src\i2c_master\i2c_master_byte_ctrl.v":312)
WARN  (EX2629) : Delay control is not supported for synthesis("C:\Git\TangPrimer20K_LUT-Network\mega138K_pro\exam\cam2dvi\src\i2c_master\i2c_master_byte_ctrl.v":313)
WARN  (EX2629) : Delay control is not supported for synthesis("C:\Git\TangPrimer20K_LUT-Network\mega138K_pro\exam\cam2dvi\src\i2c_master\i2c_master_byte_ctrl.v":317)
WARN  (EX2629) : Delay control is not supported for synthesis("C:\Git\TangPrimer20K_LUT-Network\mega138K_pro\exam\cam2dvi\src\i2c_master\i2c_master_byte_ctrl.v":318)
WARN  (EX2629) : Delay control is not supported for synthesis("C:\Git\TangPrimer20K_LUT-Network\mega138K_pro\exam\cam2dvi\src\i2c_master\i2c_master_byte_ctrl.v":321)
WARN  (EX2629) : Delay control is not supported for synthesis("C:\Git\TangPrimer20K_LUT-Network\mega138K_pro\exam\cam2dvi\src\i2c_master\i2c_master_byte_ctrl.v":325)
WARN  (EX2629) : Delay control is not supported for synthesis("C:\Git\TangPrimer20K_LUT-Network\mega138K_pro\exam\cam2dvi\src\i2c_master\i2c_master_byte_ctrl.v":327)
WARN  (EX2629) : Delay control is not supported for synthesis("C:\Git\TangPrimer20K_LUT-Network\mega138K_pro\exam\cam2dvi\src\i2c_master\i2c_master_byte_ctrl.v":330)
WARN  (EX2629) : Delay control is not supported for synthesis("C:\Git\TangPrimer20K_LUT-Network\mega138K_pro\exam\cam2dvi\src\i2c_master\i2c_master_byte_ctrl.v":335)
WARN  (EX2629) : Delay control is not supported for synthesis("C:\Git\TangPrimer20K_LUT-Network\mega138K_pro\exam\cam2dvi\src\i2c_master\i2c_master_byte_ctrl.v":336)
WARN  (EX2629) : Delay control is not supported for synthesis("C:\Git\TangPrimer20K_LUT-Network\mega138K_pro\exam\cam2dvi\src\i2c_master\i2c_master_byte_ctrl.v":339)
WARN  (EX3827) : Synthesis - simulation differences may occur when using full_case directive("C:\Git\TangPrimer20K_LUT-Network\mega138K_pro\exam\cam2dvi\src\i2c_master\i2c_master_byte_ctrl.v":230)
WARN  (EX1998) : Net 'i2c_read_req' does not have a driver("C:\Git\TangPrimer20K_LUT-Network\mega138K_pro\exam\cam2dvi\src\i2c_master\i2c_config.v":28)
Compiling module 'cmos_8_16bit'("C:\Git\TangPrimer20K_LUT-Network\mega138K_pro\exam\cam2dvi\src\cmos_8_16bit.v":1)
Compiling module 'vga_timing'("C:\Git\TangPrimer20K_LUT-Network\mega138K_pro\exam\cam2dvi\src\vga_timing.v":1)
WARN  (EX3791) : Expression size 12 truncated to fit in target size 10("C:\Git\TangPrimer20K_LUT-Network\mega138K_pro\exam\cam2dvi\src\vga_timing.v":107)
WARN  (EX3791) : Expression size 12 truncated to fit in target size 10("C:\Git\TangPrimer20K_LUT-Network\mega138K_pro\exam\cam2dvi\src\vga_timing.v":114)
Compiling module 'Video_Frame_Buffer_Top'("C:\Git\TangPrimer20K_LUT-Network\mega138K_pro\exam\cam2dvi\src\video_frame_buffer\Video_Frame_Buffer_Top.v":4966)
Compiling module '**'("C:\Git\TangPrimer20K_LUT-Network\mega138K_pro\exam\cam2dvi\src\video_frame_buffer\Video_Frame_Buffer_Top.v":4965)
WARN  (EX3670) : Actual bit length 32 differs from formal bit length 16 for port 'O_vout0_data'("C:\Git\TangPrimer20K_LUT-Network\mega138K_pro\exam\cam2dvi\src\top.v":424)
Compiling module 'DDR3MI'("C:\Git\TangPrimer20K_LUT-Network\mega138K_pro\exam\cam2dvi\src\ddr3_memory_interface\DDR3MI_400M.v":31657)
Compiling module '**'("C:\Git\TangPrimer20K_LUT-Network\mega138K_pro\exam\cam2dvi\src\ddr3_memory_interface\DDR3MI_400M.v":31656)
WARN  (EX3670) : Actual bit length 16 differs from formal bit length 15 for port 'O_ddr_addr'("C:\Git\TangPrimer20K_LUT-Network\mega138K_pro\exam\cam2dvi\src\top.v":472)
Compiling module 'TMDS_PLL'("C:\Git\TangPrimer20K_LUT-Network\mega138K_pro\exam\cam2dvi\src\gowin_pll\TMDS_PLL_60HZ.v":10)
Compiling module 'DVI_TX_Top'("C:\Git\TangPrimer20K_LUT-Network\mega138K_pro\exam\cam2dvi\src\dvi_tx\DVI_TX_Top.v":1089)
Compiling module '**'("C:\Git\TangPrimer20K_LUT-Network\mega138K_pro\exam\cam2dvi\src\dvi_tx\DVI_TX_Top.v":1088)
NOTE  (EX0101) : Current top module is "top"
WARN  (NL0001) : Sweep user defined dangling instance "Video_Frame_Buffer_Top_inst/vfb_ddr3_wrapper_inst/u0_dma_frame_buffer/u_dma_write_ctrl/n423_s2"("C:\Git\TangPrimer20K_LUT-Network\mega138K_pro\exam\cam2dvi\src\video_frame_buffer\Video_Frame_Buffer_Top.v":4965)
WARN  (NL0001) : Sweep user defined dangling instance "Video_Frame_Buffer_Top_inst/vfb_ddr3_wrapper_inst/u0_dma_frame_buffer/u_dma_write_ctrl/n423_s3"("C:\Git\TangPrimer20K_LUT-Network\mega138K_pro\exam\cam2dvi\src\video_frame_buffer\Video_Frame_Buffer_Top.v":4965)
WARN  (NL0001) : Sweep user defined dangling instance "Video_Frame_Buffer_Top_inst/vfb_ddr3_wrapper_inst/u0_dma_frame_buffer/u_dma_write_ctrl/n423_s4"("C:\Git\TangPrimer20K_LUT-Network\mega138K_pro\exam\cam2dvi\src\video_frame_buffer\Video_Frame_Buffer_Top.v":4965)
WARN  (NL0001) : Sweep user defined dangling instance "Video_Frame_Buffer_Top_inst/vfb_ddr3_wrapper_inst/u0_dma_frame_buffer/u_dma_write_ctrl/dma_wr_addr_28_s1"("C:\Git\TangPrimer20K_LUT-Network\mega138K_pro\exam\cam2dvi\src\video_frame_buffer\Video_Frame_Buffer_Top.v":4965)
WARN  (NL0001) : Sweep user defined dangling instance "Video_Frame_Buffer_Top_inst/vfb_ddr3_wrapper_inst/u0_dma_frame_buffer/u_dma_read_ctrl/n169_s2"("C:\Git\TangPrimer20K_LUT-Network\mega138K_pro\exam\cam2dvi\src\video_frame_buffer\Video_Frame_Buffer_Top.v":4965)
WARN  (NL0001) : Sweep user defined dangling instance "Video_Frame_Buffer_Top_inst/vfb_ddr3_wrapper_inst/u0_dma_frame_buffer/u_dma_read_ctrl/n169_s4"("C:\Git\TangPrimer20K_LUT-Network\mega138K_pro\exam\cam2dvi\src\video_frame_buffer\Video_Frame_Buffer_Top.v":4965)
WARN  (NL0001) : Sweep user defined dangling instance "Video_Frame_Buffer_Top_inst/vfb_ddr3_wrapper_inst/u0_dma_frame_buffer/u_dma_read_ctrl/dma_rd_addr_28_s1"("C:\Git\TangPrimer20K_LUT-Network\mega138K_pro\exam\cam2dvi\src\video_frame_buffer\Video_Frame_Buffer_Top.v":4965)
WARN  (NL0001) : Sweep user defined dangling instance "Video_Frame_Buffer_Top_inst/vfb_ddr3_wrapper_inst/u_dma_bus_arbiter/O_addr_d_28_s"("C:\Git\TangPrimer20K_LUT-Network\mega138K_pro\exam\cam2dvi\src\video_frame_buffer\Video_Frame_Buffer_Top.v":4965)
WARN  (NL0001) : Sweep user defined dangling instance "u_ddr3/gw3_top/u_gwmc_top/gwmc_bank_ctrl/cmd_accept_ref_Z_s1"("C:\Git\TangPrimer20K_LUT-Network\mega138K_pro\exam\cam2dvi\src\ddr3_memory_interface\DDR3MI_400M.v":31656)
WARN  (NL0001) : Sweep user defined dangling instance "u_ddr3/gw3_top/u_gwmc_top/gwmc_timing_ctrl/ref_accepted_s0"("C:\Git\TangPrimer20K_LUT-Network\mega138K_pro\exam\cam2dvi\src\ddr3_memory_interface\DDR3MI_400M.v":31656)
[5%] Running netlist conversion ...
Running device independent optimization ...
[10%] Optimizing Phase 0 completed
[15%] Optimizing Phase 1 completed
[25%] Optimizing Phase 2 completed
Running inference ...
[30%] Inferring Phase 0 completed
[40%] Inferring Phase 1 completed
[50%] Inferring Phase 2 completed
[55%] Inferring Phase 3 completed
Running technical mapping ...
[60%] Tech-Mapping Phase 0 completed
[65%] Tech-Mapping Phase 1 completed
[75%] Tech-Mapping Phase 2 completed
[80%] Tech-Mapping Phase 3 completed
[90%] Tech-Mapping Phase 4 completed
WARN  (NL0002) : The module "lut_ov5640_rgb565" instantiated to "lut_ov5640_rgb565_m0" is swept in optimizing("C:\Git\TangPrimer20K_LUT-Network\mega138K_pro\exam\cam2dvi\src\top.v":219)
WARN  (NL0002) : The module "timing_check" instantiated to "timing_check_5640" is swept in optimizing("C:\Git\TangPrimer20K_LUT-Network\mega138K_pro\exam\cam2dvi\src\top.v":162)
[95%] Generate netlist file "C:\Git\TangPrimer20K_LUT-Network\mega138K_pro\exam\cam2dvi\impl\gwsynthesis\cam2dvi.vg" completed
[100%] Generate report file "C:\Git\TangPrimer20K_LUT-Network\mega138K_pro\exam\cam2dvi\impl\gwsynthesis\cam2dvi_syn.rpt.html" completed
GowinSynthesis finish
